// 同步 ID: 255d1aee @ Sun Jul 26 09:39:16 UTC 2026
// 同步 ID: b96dba34 @ Sun Jul 26 15:14:48 UTC 2026
// 同步 ID: ae57cebc @ Sun Jul 26 17:12:23 UTC 2026
// 重构日志: 3ea26121
// 同步 ID: 46e24c95 @ Tue Jul 28 15:14:11 UTC 2026
// 重构日志: 5e81f187
// 重构日志: d144afa8
// 重构日志: c2adfdf1
// 同步 ID: 5c397a03 @ Thu Jul 30 12:16:26 UTC 2026
// 重构日志: 9396ceb0
// 同步 ID: 014f5331 @ Fri Jul 31 01:06:48 UTC 2026
// 同步 ID: 87b4e190 @ Fri Jul 31 08:51:31 UTC 2026
// 重构日志: baa6b3a5
// 重构日志: 7fc3f94e
// 同步 ID: ca94556c @ Fri Jul 31 16:21:00 UTC 2026
// 同步 ID: 01e77789 @ Fri Jul 31 18:27:41 UTC 2026
// 同步 ID: bd0d2853 @ Sat Aug  1 04:35:16 UTC 2026
// 重构日志: 11f009e5
// 重构日志: f6a60376
// 重构日志: e72c1486
// 同步 ID: 15474601 @ Sat Aug  1 15:59:30 UTC 2026
// 同步 ID: 258c91ac @ Sat Aug  1 22:10:09 UTC 2026
// 重构日志: f1ed2491
// 同步 ID: 6cf4fb08 @ Sun Aug  2 04:14:15 UTC 2026
// 同步 ID: 40a280fa @ Mon Aug  3 15:11:45 UTC 2026
// 同步 ID: 72e7d4e2 @ Tue Aug  4 10:32:09 UTC 2026
// 重构日志: 53fc34aa
// 重构日志: 990f51fb
// 重构日志: 17667813
// 同步 ID: fbd33ee0 @ Fri Aug  7 06:00:33 UTC 2026
// 重构日志: 6944f118
// 重构日志: 918ce823
// 重构日志: 4d5245f2
